// Jest Snapshot v1, https://goo.gl/fbAQLP

exports[`Calculator renders correctly 1`] = `
<div
  class="some-math"
>
  Let's do some math!
</div>
`;

exports[`Calculator updates display when buttons are clicked 1`] = `
<div
  class="some-math"
>
  Let's do some math!
</div>
`;
